src/jobs/RssFeedCronJob.ts(1,37): error TS2307: Cannot find module 'node-cron' or its corresponding type declarations.
src/middleware/validate.ts(17,30): error TS2339: Property 'errors' does not exist on type 'ZodError<unknown>'.
src/middleware/validate.ts(17,41): error TS7006: Parameter 'err' implicitly has an 'any' type.
src/repositories/AdCampaignRepository.ts(264,11): error TS2353: Object literal may only specify known properties, and 'paymentReference' does not exist in type 'Partial<AdCampaignAttributes>'.
src/repositories/AdCreativeRepository.ts(146,41): error TS2322: Type 'WhereAttributeHash<AdCreativeAttributes>' is not assignable to type 'WhereOptions<InferAttributes<AdCreative, { omit: never; }>> | undefined'.
  Type 'WhereAttributeHash<AdCreativeAttributes>' is not assignable to type 'WhereAttributeHash<InferAttributes<AdCreative, { omit: never; }>>'.
    Type 'WhereAttributeHash<AdCreativeAttributes>' is not assignable to type '{ id?: WhereAttributeHashValue<string & { [CreationAttributeBrand]?: true | undefined; }>; $id$?: WhereAttributeHashValue<string & { [CreationAttributeBrand]?: true | undefined; }>; ... 23 more ...; $updated_at$?: WhereAttributeHashValue<...>; }'.
      Types of property 'created_at' are incompatible.
        Type 'WhereAttributeHashValue<Date | undefined>' is not assignable to type 'WhereAttributeHashValue<Date & { [CreationAttributeBrand]?: true | undefined; }>'.
          Type 'WhereOperators<undefined>' is not assignable to type 'WhereAttributeHashValue<Date & { [CreationAttributeBrand]?: true | undefined; }>'.
            Type 'WhereOperators<undefined>' is not assignable to type 'WhereOperators<Date & { [CreationAttributeBrand]?: true | undefined; }>'.
              Types of property '[Op.eq]' are incompatible.
                Type 'AllowAnyAll<OperatorValues<undefined>>' is not assignable to type 'AllowAnyAll<OperatorValues<Date & { [CreationAttributeBrand]?: true | undefined; }>> | undefined'.
                  Type '{ [OpTypes.all]: Literal | (WhereSerializableValue | undefined)[] | { [OpTypes.values]: (string | number | boolean | Date | ... 7 more ... | undefined)[]; }; }' is not assignable to type 'AllowAnyAll<OperatorValues<Date & { [CreationAttributeBrand]?: true | undefined; }>> | undefined'.
                    Type '{ [OpTypes.all]: Literal | (WhereSerializableValue | undefined)[] | { [OpTypes.values]: (string | number | boolean | Date | ... 7 more ... | undefined)[]; }; }' is not assignable to type '{ [OpTypes.all]: Literal | (WhereSerializableValue | (Date & { [CreationAttributeBrand]?: true | undefined; }))[] | { ...; }; }'.
                      Types of property '[Op.all]' are incompatible.
                        Type 'Literal | (WhereSerializableValue | undefined)[] | { [OpTypes.values]: (string | number | boolean | Date | Fn | Col | ... 5 more ... | undefined)[]; }' is not assignable to type 'Literal | (WhereSerializableValue | (Date & { [CreationAttributeBrand]?: true | undefined; }))[] | { [OpTypes.values]: (string | ... 10 more ... | (Date & { ...; }))[]; }'.
                          Type '(WhereSerializableValue | undefined)[]' is not assignable to type 'Literal | (WhereSerializableValue | (Date & { [CreationAttributeBrand]?: true | undefined; }))[] | { [OpTypes.values]: (string | ... 10 more ... | (Date & { ...; }))[]; }'.
                            Type '(WhereSerializableValue | undefined)[]' is not assignable to type '(WhereSerializableValue | (Date & { [CreationAttributeBrand]?: true | undefined; }))[]'.
                              Type 'WhereSerializableValue | undefined' is not assignable to type 'WhereSerializableValue | (Date & { [CreationAttributeBrand]?: true | undefined; })'.
                                Type 'undefined' is not assignable to type 'WhereSerializableValue | (Date & { [CreationAttributeBrand]?: true | undefined; })'.
src/repositories/LineupRepository.ts(301,29): error TS2551: Property 'player' does not exist on type 'Lineup'. Did you mean 'playerId'?
src/repositories/PatronSubscriptionRepository.ts(2,98): error TS2614: Module '"@models/PatronSubscription"' has no exported member 'PatronTier'. Did you mean to use 'import PatronTier from "@models/PatronSubscription"' instead?
src/repositories/PatronSubscriptionRepository.ts(2,110): error TS2614: Module '"@models/PatronSubscription"' has no exported member 'SubscriptionFrequency'. Did you mean to use 'import SubscriptionFrequency from "@models/PatronSubscription"' instead?
src/repositories/PatronSubscriptionRepository.ts(2,133): error TS2614: Module '"@models/PatronSubscription"' has no exported member 'SubscriptionStatus'. Did you mean to use 'import SubscriptionStatus from "@models/PatronSubscription"' instead?
src/repositories/PatronSubscriptionRepository.ts(26,9): error TS2769: No overload matches this call.
  Overload 1 of 2, '(this: ModelStatic<...>, values: { id?: string | Fn | Col | Literal | undefined; patronId?: string | Fn | Col | Literal | undefined; amount?: number | Fn | Col | Literal | undefined; ... 7 more ...; deletedAt?: Date | ... 3 more ... | undefined; }, options: Omit<...> & { ...; }): Promise<...>', gave the following error.
    Object literal may only specify known properties, and 'status' does not exist in type '{ id?: string | Fn | Col | Literal | undefined; patronId?: string | Fn | Col | Literal | undefined; amount?: number | Fn | Col | Literal | undefined; ... 7 more ...; deletedAt?: Date | ... 3 more ... | undefined; }'.
  Overload 2 of 2, '(this: ModelStatic<...>, values: { id?: string | Fn | Col | Literal | undefined; patronId?: string | Fn | Col | Literal | undefined; amount?: number | Fn | Col | Literal | undefined; ... 7 more ...; deletedAt?: Date | ... 3 more ... | undefined; }, options: UpdateOptions<...>): Promise<...>', gave the following error.
    Object literal may only specify known properties, and 'status' does not exist in type '{ id?: string | Fn | Col | Literal | undefined; patronId?: string | Fn | Col | Literal | undefined; amount?: number | Fn | Col | Literal | undefined; ... 7 more ...; deletedAt?: Date | ... 3 more ... | undefined; }'.
src/repositories/PatronSubscriptionRepository.ts(35,9): error TS2769: No overload matches this call.
  Overload 1 of 2, '(this: ModelStatic<PatronSubscription>, options: NonNullFindOptions<PatronSubscriptionAttributes>): Promise<...>', gave the following error.
    Object literal may only specify known properties, and 'status' does not exist in type 'WhereOptions<PatronSubscriptionAttributes>'.
  Overload 2 of 2, '(this: ModelStatic<PatronSubscription>, options?: FindOptions<PatronSubscriptionAttributes> | undefined): Promise<...>', gave the following error.
    Object literal may only specify known properties, and 'status' does not exist in type 'WhereOptions<PatronSubscriptionAttributes>'.
src/repositories/PatronSubscriptionRepository.ts(46,40): error TS2339: Property 'tier' does not exist on type 'PatronSubscriptionCreationAttributes'.
src/repositories/PatronSubscriptionRepository.ts(49,68): error TS2339: Property 'frequency' does not exist on type 'PatronSubscriptionCreationAttributes'.
src/repositories/PatronSubscriptionRepository.ts(66,63): error TS2339: Property 'displayName' does not exist on type 'PatronSubscription'.
src/repositories/PatronSubscriptionRepository.ts(125,63): error TS2339: Property 'displayName' does not exist on type 'PatronSubscription'.
src/repositories/PatronSubscriptionRepository.ts(151,9): error TS2353: Object literal may only specify known properties, and 'status' does not exist in type 'WhereOptions<PatronSubscriptionAttributes>'.
src/repositories/PatronSubscriptionRepository.ts(165,13): error TS2353: Object literal may only specify known properties, and 'status' does not exist in type 'Partial<PatronSubscriptionAttributes>'.
src/repositories/PatronSubscriptionRepository.ts(191,11): error TS2353: Object literal may only specify known properties, and 'status' does not exist in type 'Partial<PatronSubscriptionAttributes>'.
src/repositories/PatronSubscriptionRepository.ts(201,90): error TS2339: Property 'status' does not exist on type 'PatronSubscription'.
src/repositories/PatronSubscriptionRepository.ts(202,22): error TS2339: Property 'status' does not exist on type 'Partial<PatronSubscriptionAttributes>'.
src/repositories/PatronSubscriptionRepository.ts(326,24): error TS2339: Property 'displayName' does not exist on type 'PatronSubscription'.
src/repositories/PatronSubscriptionRepository.ts(327,31): error TS2339: Property 'displayName' does not exist on type 'PatronSubscription'.
src/repositories/PatronSubscriptionRepository.ts(328,24): error TS2339: Property 'tier' does not exist on type 'PatronSubscription'.
src/repositories/PatronSubscriptionRepository.ts(329,31): error TS2339: Property 'portraitUrl' does not exist on type 'PatronSubscription'.
src/repositories/PatronSubscriptionRepository.ts(330,27): error TS2339: Property 'logoUrl' does not exist on type 'PatronSubscription'.
src/repositories/PatronSubscriptionRepository.ts(331,27): error TS2339: Property 'message' does not exist on type 'PatronSubscription'.
src/repositories/PatronSubscriptionRepository.ts(333,33): error TS2339: Property 'logoUrl' does not exist on type 'PatronSubscription'.
src/repositories/PatronSubscriptionRepository.ts(380,20): error TS2353: Object literal may only specify known properties, and 'status' does not exist in type 'WhereOptions<PatronSubscriptionAttributes>'.
src/repositories/PatronSubscriptionRepository.ts(489,80): error TS2339: Property 'frequency' does not exist on type 'PatronSubscription'.
src/repositories/PatronSubscriptionRepository.ts(491,32): error TS2769: No overload matches this call.
  Overload 1 of 2, '(key: keyof PatronSubscriptionAttributes, value: string | number | Date | Record<string, any> | Fn | Col | Literal | undefined, options?: InstanceUpdateOptions<...> | undefined): Promise<...>', gave the following error.
    Argument of type '{ nextBillingDate: Date | undefined; paymentReference: string; }' is not assignable to parameter of type 'keyof PatronSubscriptionAttributes'.
  Overload 2 of 2, '(keys: { id?: string | Fn | Col | Literal | undefined; patronId?: string | Fn | Col | Literal | undefined; amount?: number | Fn | Col | Literal | undefined; ... 7 more ...; deletedAt?: Date | ... 3 more ... | undefined; }, options?: InstanceUpdateOptions<...> | undefined): Promise<...>', gave the following error.
    Object literal may only specify known properties, and 'paymentReference' does not exist in type '{ id?: string | Fn | Col | Literal | undefined; patronId?: string | Fn | Col | Literal | undefined; amount?: number | Fn | Col | Literal | undefined; ... 7 more ...; deletedAt?: Date | ... 3 more ... | undefined; }'.
src/repositories/PatronSubscriptionRepository.ts(503,32): error TS2769: No overload matches this call.
  Overload 1 of 2, '(key: keyof PatronSubscriptionAttributes, value: string | number | Date | Record<string, any> | Fn | Col | Literal | undefined, options?: InstanceUpdateOptions<...> | undefined): Promise<...>', gave the following error.
    Argument of type '{ status: any; }' is not assignable to parameter of type 'keyof PatronSubscriptionAttributes'.
  Overload 2 of 2, '(keys: { id?: string | Fn | Col | Literal | undefined; patronId?: string | Fn | Col | Literal | undefined; amount?: number | Fn | Col | Literal | undefined; ... 7 more ...; deletedAt?: Date | ... 3 more ... | undefined; }, options?: InstanceUpdateOptions<...> | undefined): Promise<...>', gave the following error.
    Object literal may only specify known properties, and 'status' does not exist in type '{ id?: string | Fn | Col | Literal | undefined; patronId?: string | Fn | Col | Literal | undefined; amount?: number | Fn | Col | Literal | undefined; ... 7 more ...; deletedAt?: Date | ... 3 more ... | undefined; }'.
src/repositories/PatronSubscriptionRepository.ts(679,30): error TS2339: Property 'displayName' does not exist on type 'PatronSubscriptionWithPatron'.
src/repositories/PatronSubscriptionRepository.ts(681,30): error TS2339: Property 'tier' does not exist on type 'PatronSubscriptionWithPatron'.
src/repositories/PatronSubscriptionRepository.ts(682,35): error TS2339: Property 'frequency' does not exist on type 'PatronSubscriptionWithPatron'.
src/repositories/PatronSubscriptionRepository.ts(684,32): error TS2339: Property 'status' does not exist on type 'PatronSubscriptionWithPatron'.
src/repositories/PatronSubscriptionRepository.ts(688,39): error TS2339: Property 'paymentMethod' does not exist on type 'PatronSubscriptionWithPatron'.
src/repositories/PatronSubscriptionRepository.ts(689,108): error TS2339: Property 'frequency' does not exist on type 'PatronSubscriptionWithPatron'.
src/routes/advertisingRoutes.ts(3,10): error TS2300: Duplicate identifier 'validate'.
src/routes/advertisingRoutes.ts(4,10): error TS2300: Duplicate identifier 'validate'.
src/routes/authRoutes.ts(4,33): error TS2307: Cannot find module '../middleware/validation' or its corresponding type declarations.
src/routes/authRoutes.ts(5,25): error TS2307: Cannot find module '../schemas/user' or its corresponding type declarations.
src/routes/authRoutes.ts(10,80): error TS2339: Property 'register' does not exist on type 'AuthController'.
src/routes/clubLeagueRoutes.ts(2,44): error TS2307: Cannot find module '../controllers/leagueStatistics.controller' or its corresponding type declarations.
src/routes/clubLeagueRoutes.ts(3,42): error TS2307: Cannot find module '../validations/leagueStatistics.validation' or its corresponding type declarations.
src/routes/fixtureImageRoutes.ts(3,26): error TS2307: Cannot find module '../middleware/validation' or its corresponding type declarations.
src/routes/fixtureImageRoutes.ts(10,8): error TS2307: Cannot find module '../validations/fixtureImage.schema' or its corresponding type declarations.
src/routes/goalRoutes.ts(3,26): error TS2307: Cannot find module '../middleware/validation' or its corresponding type declarations.
src/routes/goalRoutes.ts(11,8): error TS2307: Cannot find module '../validations/goal.schema' or its corresponding type declarations.
src/routes/lineupRoutes.ts(3,26): error TS2307: Cannot find module '../middleware/validation' or its corresponding type declarations.
src/routes/lineupRoutes.ts(11,8): error TS2307: Cannot find module '../validations/lineup.schema' or its corresponding type declarations.
src/routes/lineupRoutes.ts(16,36): error TS2551: Property 'createLineupPlayer' does not exist on type 'LineupController'. Did you mean 'getLineupPlayer'?
src/routes/patronageRoutes.ts(3,32): error TS2307: Cannot find module '../middlewares' or its corresponding type declarations.
src/routes/paymentRoutes.ts(7,45): error TS2339: Property 'getPaymentsByAdvertiserId' does not exist on type 'typeof PaymentController'.
src/routes/paymentRoutes.ts(8,35): error TS2339: Property 'getAllPayments' does not exist on type 'typeof PaymentController'.
src/seeders/data/development/adcampaigns.ts(25,5): error TS2353: Object literal may only specify known properties, and 'paymentReference' does not exist in type 'AdCampaignAttributes'.
src/seeders/data/development/adcampaigns.ts(45,5): error TS2353: Object literal may only specify known properties, and 'paymentReference' does not exist in type 'AdCampaignAttributes'.
src/seeders/data/development/matchimages.ts(11,5): error TS2322: Type 'number' is not assignable to type 'string'.
src/seeders/data/development/matchimages.ts(19,5): error TS2322: Type 'number' is not assignable to type 'string'.
src/seeders/data/development/patronsubscriptions.ts(4,3): error TS2614: Module '"../../../models/PatronSubscription"' has no exported member 'PatronTier'. Did you mean to use 'import PatronTier from "../../../models/PatronSubscription"' instead?
src/seeders/data/development/patronsubscriptions.ts(5,3): error TS2614: Module '"../../../models/PatronSubscription"' has no exported member 'SubscriptionFrequency'. Did you mean to use 'import SubscriptionFrequency from "../../../models/PatronSubscription"' instead?
src/seeders/data/development/patronsubscriptions.ts(6,3): error TS2614: Module '"../../../models/PatronSubscription"' has no exported member 'SubscriptionStatus'. Did you mean to use 'import SubscriptionStatus from "../../../models/PatronSubscription"' instead?
src/seeders/data/development/patronsubscriptions.ts(18,5): error TS2353: Object literal may only specify known properties, and 'tier' does not exist in type 'PatronSubscriptionAttributes'.
src/seeders/data/development/patronsubscriptions.ts(36,5): error TS2353: Object literal may only specify known properties, and 'tier' does not exist in type 'PatronSubscriptionAttributes'.
src/seeders/data/development/patronsubscriptions.ts(54,5): error TS2353: Object literal may only specify known properties, and 'tier' does not exist in type 'PatronSubscriptionAttributes'.
src/seeders/data/development/patronsubscriptions.ts(71,5): error TS2353: Object literal may only specify known properties, and 'tier' does not exist in type 'PatronSubscriptionAttributes'.
src/seeders/data/development/player.ts(8,3): error TS2740: Type '{ id: string; name: string; dateOfBirth: Date; position: PlayerPosition.FW; height: number; nationality: string; biography: string; jerseyNumber: number; imageUrl: string; ... 9 more ...; updatedAt: Date; }' is missing the following properties from type 'PlayerAttributes': appearances, goals, assists, cleanSheets, and 3 more.
src/seeders/data/development/player.ts(30,3): error TS2740: Type '{ id: string; name: string; dateOfBirth: Date; position: PlayerPosition.DF; height: number; nationality: string; biography: string; jerseyNumber: number; imageUrl: string; ... 7 more ...; updatedAt: Date; }' is missing the following properties from type 'PlayerAttributes': appearances, goals, assists, cleanSheets, and 3 more.
src/seeders/data/development/playerLeagueStatistics.ts(11,3): error TS2741: Property 'goals' is missing in type '{ id: string; playerId: string; leagueId: string; assists: number; cleanSheets: number; yellowCards: number; redCards: number; minutesPlayed: number; createdById: string; updatedById: string; createdAt: Date; updatedAt: Date; }' but required in type 'PlayerLeagueStatisticsAttributes'.
src/seeders/data/development/rssfeedsources.ts(6,5): error TS2322: Type 'number' is not assignable to type 'string & { [CreationAttributeBrand]?: true | undefined; }'.
  Type 'number' is not assignable to type 'string'.
src/seeders/data/development/rssfeedsources.ts(14,5): error TS2322: Type 'number' is not assignable to type 'string & { [CreationAttributeBrand]?: true | undefined; }'.
  Type 'number' is not assignable to type 'string'.
src/seeders/data/development/rssfeedsources.ts(22,5): error TS2322: Type 'number' is not assignable to type 'string & { [CreationAttributeBrand]?: true | undefined; }'.
  Type 'number' is not assignable to type 'string'.
src/seeders/data/development/thirdPartyArticles.ts(6,5): error TS2322: Type 'number' is not assignable to type 'string'.
src/seeders/data/development/thirdPartyArticles.ts(7,5): error TS2322: Type 'number' is not assignable to type 'string'.
src/seeders/data/development/thirdPartyArticles.ts(17,5): error TS2322: Type 'number' is not assignable to type 'string'.
src/seeders/data/development/thirdPartyArticles.ts(18,5): error TS2322: Type 'number' is not assignable to type 'string'.
src/seeders/data/development/trialists.ts(5,3): error TS2739: Type '{ id: string; firstName: string; lastName: string; email: string; phone: string; dob: Date; position: string; preferredFoot: "RIGHT"; height: number; weight: number; previousClub: string; videoUrl: string; ... 4 more ...; updatedAt: Date; }' is missing the following properties from type 'TrialistAttributes': consentEmail, consentSmsWhatsapp, guardianConsent
src/seeders/data/development/trialists.ts(24,3): error TS2739: Type '{ id: string; firstName: string; lastName: string; email: string; phone: string; dob: Date; position: string; preferredFoot: "BOTH"; height: number; weight: number; previousClub: string; videoUrl: string; ... 4 more ...; updatedAt: Date; }' is missing the following properties from type 'TrialistAttributes': consentEmail, consentSmsWhatsapp, guardianConsent
src/seeders/data/production/donations.ts(1,36): error TS2307: Cannot find module '@models/Donation' or its corresponding type declarations.
src/seeders/data/production/matchsummarys.ts(1,42): error TS2307: Cannot find module '@models/FixtureSummary' or its corresponding type declarations.
src/seeders/data/testing/donations.ts(1,36): error TS2307: Cannot find module '@models/Donation' or its corresponding type declarations.
src/seeders/data/testing/matchsummarys.ts(1,42): error TS2307: Cannot find module '@models/FixtureSummary' or its corresponding type declarations.
src/seeders/seeders/donation-seeder.ts(2,26): error TS2307: Cannot find module '@models/Donation' or its corresponding type declarations.
src/seeders/seeders/donation-seeder.ts(3,36): error TS2307: Cannot find module '@models/Donation' or its corresponding type declarations.
src/seeders/seeders/donation-seeder.ts(5,38): error TS2307: Cannot find module '../data/development/donations' or its corresponding type declarations.
src/seeders/seeders/third-party-article-seeder.ts(6,42): error TS2307: Cannot find module '../data/development/featuredNewss' or its corresponding type declarations.
src/services/ArticleService.ts(318,5): error TS2322: Type '[number, Article[]]' is not assignable to type 'Article'.
src/services/PatronageService.ts(64,69): error TS2353: Object literal may only specify known properties, and 'status' does not exist in type 'Partial<PatronSubscriptionAttributes>'.
src/types/adCampaign.ts(2,10): error TS2614: Module '"@models/Advertiser"' has no exported member 'Advertiser'. Did you mean to use 'import Advertiser from "@models/Advertiser"' instead?
src/utils/email.ts(2,10): error TS2614: Module '"./logger"' has no exported member 'logger'. Did you mean to use 'import logger from "./logger"' instead?
src/utils/email.ts(91,3): error TS2322: Type '{ success: true; messageId: string; accepted: (string | Address)[]; rejected: (string | Address)[]; error?: undefined; } | { success: false; error: any; messageId?: undefined; accepted?: undefined; rejected?: undefined; }' is not assignable to type 'EmailSendResult'.
  Type '{ success: true; messageId: string; accepted: (string | Mail.Address)[]; rejected: (string | Mail.Address)[]; error?: undefined; }' is not assignable to type 'EmailSendResult'.
    Types of property 'accepted' are incompatible.
      Type '(string | Address)[]' is not assignable to type 'string[]'.
        Type 'string | Address' is not assignable to type 'string'.
          Type 'Address' is not assignable to type 'string'.
src/utils/email.ts(155,18): error TS18046: 'error' is of type 'unknown'.
src/utils/email.ts(159,16): error TS18046: 'error' is of type 'unknown'.
src/utils/email.ts(166,16): error TS18046: 'error' is of type 'unknown'.
src/utils/email.ts(420,24): error TS18046: 'error' is of type 'unknown'.
src/utils/email.ts(425,16): error TS18046: 'error' is of type 'unknown'.
src/utils/helpers.ts(2,10): error TS2614: Module '"./logger"' has no exported member 'logger'. Did you mean to use 'import logger from "./logger"' instead?
src/utils/helpers.ts(195,7): error TS2322: Type 'number' is not assignable to type 'T[keyof T]'.
  'T[keyof T]' could be instantiated with an arbitrary type which could be unrelated to 'number'.
src/utils/helpers.ts(196,7): error TS2322: Type 'number' is not assignable to type 'T[keyof T]'.
  'T[keyof T]' could be instantiated with an arbitrary type which could be unrelated to 'number'.
src/utils/helpers.ts(201,7): error TS2322: Type 'string' is not assignable to type 'T[keyof T]'.
  'T[keyof T]' could be instantiated with an arbitrary type which could be unrelated to 'string'.
src/utils/helpers.ts(202,7): error TS2322: Type 'string' is not assignable to type 'T[keyof T]'.
  'T[keyof T]' could be instantiated with an arbitrary type which could be unrelated to 'string'.
src/utils/helpers.ts(403,9): error TS2322: Type 'unknown' is not assignable to type 'Error'.
src/utils/helpers.ts(414,16): error TS2454: Variable 'lastError' is used before being assigned.
src/utils/helpers.ts(417,11): error TS2454: Variable 'lastError' is used before being assigned.
src/utils/metrics.ts(7,3): error TS2353: Object literal may only specify known properties, and 'timeout' does not exist in type 'DefaultMetricsCollectorConfiguration'.
src/utils/metrics.ts(183,19): error TS18046: 'error' is of type 'unknown'.
src/utils/paystack.ts(3,10): error TS2614: Module '"./logger"' has no exported member 'logger'. Did you mean to use 'import logger from "./logger"' instead?
src/utils/paystack.ts(5,32): error TS2307: Cannot find module '@models/Donation' or its corresponding type declarations.
src/utils/paystack.ts(6,10): error TS2614: Module '"@models/PatronSubscription"' has no exported member 'SubscriptionStatus'. Did you mean to use 'import SubscriptionStatus from "@models/PatronSubscription"' instead?
src/utils/paystack.ts(191,18): error TS18046: 'error' is of type 'unknown'.
src/utils/paystack.ts(195,16): error TS18046: 'error' is of type 'unknown'.
src/utils/paystack.ts(195,40): error TS18046: 'error' is of type 'unknown'.
src/utils/paystack.ts(199,57): error TS18046: 'error' is of type 'unknown'.
src/utils/paystack.ts(230,18): error TS18046: 'error' is of type 'unknown'.
src/utils/paystack.ts(234,16): error TS18046: 'error' is of type 'unknown'.
src/utils/paystack.ts(234,40): error TS18046: 'error' is of type 'unknown'.
src/utils/paystack.ts(238,55): error TS18046: 'error' is of type 'unknown'.
src/utils/paystack.ts(272,18): error TS18046: 'error' is of type 'unknown'.
src/utils/paystack.ts(276,16): error TS18046: 'error' is of type 'unknown'.
src/utils/paystack.ts(276,40): error TS18046: 'error' is of type 'unknown'.
src/utils/paystack.ts(280,62): error TS18046: 'error' is of type 'unknown'.
src/utils/paystack.ts(321,18): error TS18046: 'error' is of type 'unknown'.
src/utils/paystack.ts(325,16): error TS18046: 'error' is of type 'unknown'.
src/utils/paystack.ts(325,40): error TS18046: 'error' is of type 'unknown'.
src/utils/paystack.ts(329,54): error TS18046: 'error' is of type 'unknown'.
src/utils/paystack.ts(363,18): error TS18046: 'error' is of type 'unknown'.
src/utils/paystack.ts(367,16): error TS18046: 'error' is of type 'unknown'.
src/utils/paystack.ts(367,40): error TS18046: 'error' is of type 'unknown'.
src/utils/paystack.ts(371,56): error TS18046: 'error' is of type 'unknown'.
src/utils/paystack.ts(380,3): error TS2322: Type 'Promise<unknown>' is not assignable to type 'boolean'.
src/utils/paystack.ts(380,68): error TS2345: Argument of type '(span: Span) => boolean' is not assignable to parameter of type '(span: Span) => Promise<unknown>'.
  Type 'boolean' is not assignable to type 'Promise<unknown>'.
src/utils/paystack.ts(404,18): error TS18046: 'error' is of type 'unknown'.
src/utils/paystack.ts(525,18): error TS18046: 'error' is of type 'unknown'.
src/utils/paystack.ts(586,18): error TS18046: 'error' is of type 'unknown'.
src/utils/paystack.ts(631,27): error TS18046: 'error' is of type 'unknown'.
src/utils/paystack.ts(636,16): error TS18046: 'error' is of type 'unknown'.
src/utils/security.ts(5,10): error TS2614: Module '"./logger"' has no exported member 'logger'. Did you mean to use 'import logger from "./logger"' instead?
src/utils/security.ts(32,18): error TS18046: 'error' is of type 'unknown'.
src/utils/security.ts(57,18): error TS18046: 'error' is of type 'unknown'.
src/utils/security.ts(70,3): error TS2322: Type 'Promise<unknown>' is not assignable to type 'string'.
src/utils/security.ts(79,25): error TS2769: No overload matches this call.
  Overload 1 of 5, '(payload: string | object | Buffer<ArrayBufferLike>, secretOrPrivateKey: null, options?: (SignOptions & { algorithm: "none"; }) | undefined): string', gave the following error.
    Argument of type 'string' is not assignable to parameter of type 'null'.
  Overload 2 of 5, '(payload: string | object | Buffer<ArrayBufferLike>, secretOrPrivateKey: Buffer<ArrayBufferLike> | Secret | JsonWebKeyInput | PrivateKeyInput, options?: SignOptions | undefined): string', gave the following error.
    Type 'string' is not assignable to type 'number | StringValue | undefined'.
  Overload 3 of 5, '(payload: string | object | Buffer<ArrayBufferLike>, secretOrPrivateKey: Buffer<ArrayBufferLike> | Secret | JsonWebKeyInput | PrivateKeyInput, callback: SignCallback): void', gave the following error.
    Object literal may only specify known properties, and 'expiresIn' does not exist in type 'SignCallback'.
src/utils/security.ts(95,18): error TS18046: 'error' is of type 'unknown'.
src/utils/security.ts(108,3): error TS2322: Type 'Promise<unknown>' is not assignable to type 'string'.
src/utils/security.ts(116,25): error TS2769: No overload matches this call.
  Overload 1 of 5, '(payload: string | object | Buffer<ArrayBufferLike>, secretOrPrivateKey: null, options?: (SignOptions & { algorithm: "none"; }) | undefined): string', gave the following error.
    Argument of type 'string' is not assignable to parameter of type 'null'.
  Overload 2 of 5, '(payload: string | object | Buffer<ArrayBufferLike>, secretOrPrivateKey: Buffer<ArrayBufferLike> | Secret | JsonWebKeyInput | PrivateKeyInput, options?: SignOptions | undefined): string', gave the following error.
    Type 'string' is not assignable to type 'number | StringValue | undefined'.
  Overload 3 of 5, '(payload: string | object | Buffer<ArrayBufferLike>, secretOrPrivateKey: Buffer<ArrayBufferLike> | Secret | JsonWebKeyInput | PrivateKeyInput, callback: SignCallback): void', gave the following error.
    Object literal may only specify known properties, and 'expiresIn' does not exist in type 'SignCallback'.
src/utils/security.ts(131,18): error TS18046: 'error' is of type 'unknown'.
src/utils/security.ts(144,57): error TS2345: Argument of type '(span: Span) => string | JwtPayload' is not assignable to parameter of type '(span: Span) => Promise<unknown>'.
  Type 'string | JwtPayload' is not assignable to type 'Promise<unknown>'.
    Type 'string' is not assignable to type 'Promise<unknown>'.
src/utils/security.ts(160,33): error TS18046: 'error' is of type 'unknown'.
src/utils/security.ts(163,61): error TS18046: 'error' is of type 'unknown'.
src/utils/security.ts(173,64): error TS2345: Argument of type '(span: Span) => string | JwtPayload' is not assignable to parameter of type '(span: Span) => Promise<unknown>'.
  Type 'string | JwtPayload' is not assignable to type 'Promise<unknown>'.
    Type 'string' is not assignable to type 'Promise<unknown>'.
src/utils/security.ts(189,41): error TS18046: 'error' is of type 'unknown'.
src/utils/security.ts(192,65): error TS18046: 'error' is of type 'unknown'.
src/utils/security.ts(202,3): error TS2739: Type 'Promise<unknown>' is missing the following properties from type '{ token: string; expires: Date; }': token, expires
src/utils/security.ts(202,71): error TS2345: Argument of type '(span: Span) => { token: string; expires: Date; }' is not assignable to parameter of type '(span: Span) => Promise<unknown>'.
  Type '{ token: string; expires: Date; }' is missing the following properties from type 'Promise<unknown>': then, catch, finally, [Symbol.toStringTag]
src/utils/security.ts(217,18): error TS18046: 'error' is of type 'unknown'.
src/utils/security.ts(230,3): error TS2739: Type 'Promise<unknown>' is missing the following properties from type '{ token: string; expires: Date; }': token, expires
src/utils/security.ts(230,72): error TS2345: Argument of type '(span: Span) => { token: string; expires: Date; }' is not assignable to parameter of type '(span: Span) => Promise<unknown>'.
  Type '{ token: string; expires: Date; }' is missing the following properties from type 'Promise<unknown>': then, catch, finally, [Symbol.toStringTag]
src/utils/security.ts(245,18): error TS18046: 'error' is of type 'unknown'.
src/utils/security.ts(258,3): error TS2322: Type 'Promise<unknown>' is not assignable to type 'string'.
src/utils/security.ts(258,60): error TS2345: Argument of type '(span: Span) => string' is not assignable to parameter of type '(span: Span) => Promise<unknown>'.
  Type 'string' is not assignable to type 'Promise<unknown>'.
src/utils/security.ts(275,18): error TS18046: 'error' is of type 'unknown'.
src/utils/security.ts(288,3): error TS2322: Type 'Promise<unknown>' is not assignable to type 'string'.
src/utils/security.ts(288,56): error TS2345: Argument of type '(span: Span) => string' is not assignable to parameter of type '(span: Span) => Promise<unknown>'.
  Type 'string' is not assignable to type 'Promise<unknown>'.
src/utils/security.ts(303,18): error TS18046: 'error' is of type 'unknown'.
src/utils/security.ts(316,3): error TS2322: Type 'Promise<unknown>' is not assignable to type 'string'.
src/utils/security.ts(316,63): error TS2345: Argument of type '(span: Span) => string' is not assignable to parameter of type '(span: Span) => Promise<unknown>'.
  Type 'string' is not assignable to type 'Promise<unknown>'.
src/utils/security.ts(328,18): error TS18046: 'error' is of type 'unknown'.
src/utils/security.ts(341,3): error TS2322: Type 'Promise<unknown>' is not assignable to type 'boolean'.
src/utils/security.ts(341,63): error TS2345: Argument of type '(span: Span) => boolean' is not assignable to parameter of type '(span: Span) => Promise<unknown>'.
  Type 'boolean' is not assignable to type 'Promise<unknown>'.
src/utils/security.ts(360,32): error TS18046: 'error' is of type 'unknown'.
src/utils/storage.ts(2,83): error TS2307: Cannot find module '@aws-sdk/client-s3' or its corresponding type declarations.
src/utils/storage.ts(3,30): error TS2307: Cannot find module '@aws-sdk/s3-request-presigner' or its corresponding type declarations.
src/utils/storage.ts(4,19): error TS2307: Cannot find module 'sharp' or its corresponding type declarations.
src/utils/storage.ts(6,10): error TS2614: Module '"./logger"' has no exported member 'logger'. Did you mean to use 'import logger from "./logger"' instead?
src/utils/storage.ts(277,18): error TS18046: 'error' is of type 'unknown'.
src/utils/storage.ts(281,16): error TS18046: 'error' is of type 'unknown'.
src/utils/storage.ts(289,16): error TS18046: 'error' is of type 'unknown'.
src/utils/storage.ts(379,18): error TS18046: 'error' is of type 'unknown'.
src/utils/storage.ts(383,16): error TS18046: 'error' is of type 'unknown'.
src/utils/storage.ts(389,16): error TS18046: 'error' is of type 'unknown'.
src/utils/storage.ts(430,18): error TS18046: 'error' is of type 'unknown'.
src/utils/storage.ts(434,16): error TS18046: 'error' is of type 'unknown'.
src/utils/storage.ts(440,16): error TS18046: 'error' is of type 'unknown'.
src/utils/storage.ts(514,59): error TS18046: 'imageError' is of type 'unknown'.
src/utils/storage.ts(538,18): error TS18046: 'error' is of type 'unknown'.
src/utils/storage.ts(542,16): error TS18046: 'error' is of type 'unknown'.
src/utils/storage.ts(549,39): error TS18046: 'error' is of type 'unknown'.
src/utils/storage.ts(607,18): error TS18046: 'error' is of type 'unknown'.
src/utils/storage.ts(610,59): error TS18046: 'error' is of type 'unknown'.
src/utils/storage.ts(656,9): error TS2304: Cannot find name 'warnings'.
src/utils/storage.ts(682,62): error TS18046: 'error' is of type 'unknown'.
src/utils/storage.ts(702,18): error TS18046: 'error' is of type 'unknown'.
src/utils/storage.ts(705,60): error TS18046: 'error' is of type 'unknown'.
src/utils/storage.ts(706,37): error TS18046: 'error' is of type 'unknown'.
src/utils/storage.ts(769,26): error TS18046: 'error' is of type 'unknown'.
src/utils/storage.ts(775,16): error TS18046: 'error' is of type 'unknown'.
src/utils/validation.ts(3,10): error TS2614: Module '"./logger"' has no exported member 'logger'. Did you mean to use 'import logger from "./logger"' instead?
src/utils/validation.ts(538,20): error TS18046: 'validationError' is of type 'unknown'.
src/utils/validation.ts(542,18): error TS18046: 'validationError' is of type 'unknown'.
src/utils/validation.ts(595,18): error TS18046: 'validationError' is of type 'unknown'.
src/validation-schema/adCreativeSchema.ts(9,21): error TS2769: No overload matches this call.
  Overload 1 of 2, '(values: readonly ["image", "video"], params?: string | { error?: string | $ZodErrorMap<$ZodIssueInvalidValue<unknown>> | undefined; message?: string | undefined; } | undefined): ZodEnum<...>', gave the following error.
    Object literal may only specify known properties, and 'errorMap' does not exist in type '{ error?: string | $ZodErrorMap<$ZodIssueInvalidValue<unknown>> | undefined; message?: string | undefined; }'.
  Overload 2 of 2, '(entries: Readonly<Record<string, EnumValue>>, params?: string | { error?: string | $ZodErrorMap<$ZodIssueInvalidValue<unknown>> | undefined; message?: string | undefined; } | undefined): ZodEnum<...>', gave the following error.
    Argument of type 'readonly ["image", "video"]' is not assignable to parameter of type 'Readonly<Record<string, EnumValue>>'.
      Index signature for type 'string' is missing in type 'readonly ["image", "video"]'.
src/validation-schema/trialistSchema.ts(37,24): error TS2769: No overload matches this call.
  Overload 1 of 2, '(values: readonly ["LEFT", "RIGHT", "BOTH"], params?: string | { error?: string | $ZodErrorMap<$ZodIssueInvalidValue<unknown>> | undefined; message?: string | undefined; } | undefined): ZodEnum<...>', gave the following error.
    Object literal may only specify known properties, and 'errorMap' does not exist in type '{ error?: string | $ZodErrorMap<$ZodIssueInvalidValue<unknown>> | undefined; message?: string | undefined; }'.
  Overload 2 of 2, '(entries: Readonly<Record<string, EnumValue>>, params?: string | { error?: string | $ZodErrorMap<$ZodIssueInvalidValue<unknown>> | undefined; message?: string | undefined; } | undefined): ZodEnum<...>', gave the following error.
    Argument of type 'string[]' is not assignable to parameter of type 'Readonly<Record<string, EnumValue>>'.
      Index signature for type 'string' is missing in type 'string[]'.
src/validation-schema/trialistSchema.ts(106,24): error TS2769: No overload matches this call.
  Overload 1 of 2, '(values: readonly ["LEFT", "RIGHT", "BOTH"], params?: string | { error?: string | $ZodErrorMap<$ZodIssueInvalidValue<unknown>> | undefined; message?: string | undefined; } | undefined): ZodEnum<...>', gave the following error.
    Object literal may only specify known properties, and 'errorMap' does not exist in type '{ error?: string | $ZodErrorMap<$ZodIssueInvalidValue<unknown>> | undefined; message?: string | undefined; }'.
  Overload 2 of 2, '(entries: Readonly<Record<string, EnumValue>>, params?: string | { error?: string | $ZodErrorMap<$ZodIssueInvalidValue<unknown>> | undefined; message?: string | undefined; } | undefined): ZodEnum<...>', gave the following error.
    Argument of type 'string[]' is not assignable to parameter of type 'Readonly<Record<string, EnumValue>>'.
      Index signature for type 'string' is missing in type 'string[]'.
src/validation-schema/trialistSchema.ts(150,17): error TS2769: No overload matches this call.
  Overload 1 of 2, '(values: readonly ["PENDING", "REVIEWED", "INVITED", "REJECTED"], params?: string | { error?: string | $ZodErrorMap<$ZodIssueInvalidValue<unknown>> | undefined; message?: string | undefined; } | undefined): ZodEnum<...>', gave the following error.
    Object literal may only specify known properties, and 'errorMap' does not exist in type '{ error?: string | $ZodErrorMap<$ZodIssueInvalidValue<unknown>> | undefined; message?: string | undefined; }'.
  Overload 2 of 2, '(entries: Readonly<Record<string, EnumValue>>, params?: string | { error?: string | $ZodErrorMap<$ZodIssueInvalidValue<unknown>> | undefined; message?: string | undefined; } | undefined): ZodEnum<...>', gave the following error.
    Argument of type 'string[]' is not assignable to parameter of type 'Readonly<Record<string, EnumValue>>'.
      Index signature for type 'string' is missing in type 'string[]'.
